#-----------------------------------------------------------
# Vivado v2018.3 (64-bit)
# SW Build 2405991 on Thu Dec  6 23:38:27 MST 2018
# IP Build 2404404 on Fri Dec  7 01:43:56 MST 2018
# Start of session at: Mon Apr 14 13:28:09 2025
# Process ID: 25392
# Current directory: C:/Users/A.Z/Desktop/ALab/ca_lab/CA_LAB
# Command line: vivado.exe -gui_launcher_event rodinguilauncherevent27240 C:\Users\A.Z\Desktop\ALab\ca_lab\CA_LAB\CA_LAB.xpr
# Log file: C:/Users/A.Z/Desktop/ALab/ca_lab/CA_LAB/vivado.log
# Journal file: C:/Users/A.Z/Desktop/ALab/ca_lab/CA_LAB\vivado.jou
#-----------------------------------------------------------
start_gui
open_project C:/Users/A.Z/Desktop/ALab/ca_lab/CA_LAB/CA_LAB.xpr
INFO: [Project 1-313] Project file moved from 'C:/aidin/AIDIN/peregrine/term-6/ca_lab/CA_LAB' since last save.
Scanning sources...
Finished scanning sources
INFO: [IP_Flow 19-234] Refreshing IP repositories
INFO: [IP_Flow 19-1704] No user IP repositories specified
INFO: [IP_Flow 19-2313] Loaded Vivado IP repository 'D:/Xilinx/Vivado/2018.3/data/ip'.
open_project: Time (s): cpu = 00:00:43 ; elapsed = 00:00:40 . Memory (MB): peak = 899.281 ; gain = 35.168
eupdate_compile_order -fileset sources_1
add_files -norecurse {{C:/Users/A.Z/Desktop/ALab/verilog code/condition_check.v} {C:/Users/A.Z/Desktop/ALab/verilog code/control_unit.v}}
update_compile_order -fileset sources_1
open_bd_design {C:/Users/A.Z/Desktop/ALab/ca_lab/CA_LAB/CA_LAB.srcs/sources_1/bd/CA_LAB1/CA_LAB1.bd}
Adding cell -- xilinx.com:ip:xlconstant:1.1 - xlconstant_0
Adding cell -- xilinx.com:module_ref:fetch_register_file:1.0 - fetch_register_file_0
Adding cell -- xilinx.com:module_ref:fetch_register_file:1.0 - fetch_register_file_1
Adding cell -- xilinx.com:module_ref:fetch_register_file:1.0 - fetch_register_file_2
Adding cell -- xilinx.com:module_ref:fetch_register_file:1.0 - fetch_register_file_3
Adding cell -- xilinx.com:ip:ila:6.2 - ila_1
INFO: [xilinx.com:ip:ila:6.2-6] /ila_1: Xilinx recommends using the System ILA IP in IP Integrator. The System ILA IP is functionally equivalent to an ILA and offers additional benefits in debugging interfaces both within IP Integrator and the Hardware Manager. Consult the Programming and Debug User Guide UG908 for further details.
Adding cell -- xilinx.com:module_ref:debouncer:1.0 - debouncer_0
Adding cell -- xilinx.com:module_ref:fetch_instruction:1.0 - fetch_instruction_0
Adding cell -- xilinx.com:ip:blk_mem_gen:8.4 - blk_mem_gen_0
Adding cell -- xilinx.com:ip:xlslice:1.0 - xlslice_0
WARNING: [BD 41-1731] Type mismatch between connected pins: /clk(clk) and /debouncer_0/CLK_I(undef)
WARNING: [BD 41-1731] Type mismatch between connected pins: /rst(rst) and /debouncer_0/SIGNAL_I(undef)
WARNING: [BD 41-1731] Type mismatch between connected pins: /debouncer_0/SIGNAL_O(undef) and /fetch_register_file_0/rst(rst)
WARNING: [BD 41-1731] Type mismatch between connected pins: /debouncer_0/SIGNAL_O(undef) and /fetch_register_file_2/rst(rst)
WARNING: [BD 41-1731] Type mismatch between connected pins: /debouncer_0/SIGNAL_O(undef) and /fetch_register_file_1/rst(rst)
WARNING: [BD 41-1731] Type mismatch between connected pins: /debouncer_0/SIGNAL_O(undef) and /fetch_register_file_3/rst(rst)
WARNING: [BD 41-1731] Type mismatch between connected pins: /debouncer_0/SIGNAL_O(undef) and /IF_Stage/rst(rst)
Successfully read diagram <CA_LAB1> from BD file <C:/Users/A.Z/Desktop/ALab/ca_lab/CA_LAB/CA_LAB.srcs/sources_1/bd/CA_LAB1/CA_LAB1.bd>
open_bd_design: Time (s): cpu = 00:00:06 ; elapsed = 00:00:10 . Memory (MB): peak = 968.793 ; gain = 0.000
set_property location {7 2253 -96} [get_bd_cells fetch_register_file_2]
set_property location {5 1438 -228} [get_bd_cells fetch_register_file_3]
set_property location {4 1200 -326} [get_bd_cells fetch_register_file_1]
set_property location {5.5 1851 -250} [get_bd_cells fetch_register_file_3]
set_property location {4.5 1460 -308} [get_bd_cells fetch_register_file_1]
set_property location {3.5 1001 -321} [get_bd_cells fetch_register_file_0]
set_property location {6.5 3055 -91} [get_bd_cells ila_1]
set_property location {1 224 -240} [get_bd_cells IF_Stage]
set_property location {1.5 499 -273} [get_bd_cells fetch_register_file_0]
create_bd_cell -type module -reference condition_check condition_check_0
INFO: [IP_Flow 19-234] Refreshing IP repositories
INFO: [IP_Flow 19-1704] No user IP repositories specified
save_bd_design
Wrote  : <C:\Users\A.Z\Desktop\ALab\ca_lab\CA_LAB\CA_LAB.srcs\sources_1\bd\CA_LAB1\CA_LAB1.bd> 
Wrote  : <C:/Users/A.Z/Desktop/ALab/ca_lab/CA_LAB/CA_LAB.srcs/sources_1/bd/CA_LAB1/ui/bd_c6c3045.ui> 
Wrote  : <C:/Users/A.Z/Desktop/ALab/ca_lab/CA_LAB/CA_LAB.srcs/sources_1/bd/CA_LAB1/ui/bd_8321c0e1.ui> 
update_compile_order -fileset sources_1
create_bd_cell -type module -reference control_unit control_unit_0
INFO: [IP_Flow 19-234] Refreshing IP repositories
INFO: [IP_Flow 19-1704] No user IP repositories specified
set_property location {3.5 910 312} [get_bd_cells control_unit_0]
connect_bd_net [get_bd_pins control_unit_0/s] [get_bd_pins control_unit_0/mode]
delete_bd_objs [get_bd_nets Net]
set_property location {4 919 62} [get_bd_cells control_unit_0]
delete_bd_objs [get_bd_cells condition_check_0]
delete_bd_objs [get_bd_cells control_unit_0]
update_compile_order -fileset sources_1
add_files -norecurse {{C:/Users/A.Z/Desktop/ALab/verilog code/id_top_module.v}}
update_compile_order -fileset sources_1
save_bd_design
Wrote  : <C:\Users\A.Z\Desktop\ALab\ca_lab\CA_LAB\CA_LAB.srcs\sources_1\bd\CA_LAB1\CA_LAB1.bd> 
Wrote  : <C:/Users/A.Z/Desktop/ALab/ca_lab/CA_LAB/CA_LAB.srcs/sources_1/bd/CA_LAB1/ui/bd_c6c3045.ui> 
Wrote  : <C:/Users/A.Z/Desktop/ALab/ca_lab/CA_LAB/CA_LAB.srcs/sources_1/bd/CA_LAB1/ui/bd_8321c0e1.ui> 
create_bd_cell -type module -reference condition_check condition_check_0
INFO: [Common 17-365] Interrupt caught but 'create_bd_cell' cannot be canceled. Please wait for command to finish.
INFO: [Common 17-681] Processing pending cancel.
delete_bd_objs [get_bd_cells condition_check_0]
add_files -norecurse {{C:/Users/A.Z/Desktop/ALab/verilog code/register_file_id.v}}
update_compile_order -fileset sources_1
create_bd_cell -type module -reference id_top_module id_top_module_0
INFO: [IP_Flow 19-5107] Inferred bus interface 'rst' of definition 'xilinx.com:signal:reset:1.0' (from Xilinx Repository).
INFO: [IP_Flow 19-5107] Inferred bus interface 'clk' of definition 'xilinx.com:signal:clock:1.0' (from Xilinx Repository).
INFO: [IP_Flow 19-4728] Bus Interface 'clk': Added interface parameter 'ASSOCIATED_RESET' with value 'rst'.
WARNING: [IP_Flow 19-3153] Bus Interface 'clk': ASSOCIATED_BUSIF bus parameter is missing.
INFO: [IP_Flow 19-234] Refreshing IP repositories
INFO: [IP_Flow 19-1704] No user IP repositories specified
set_property location {3 759 -46} [get_bd_cells id_top_module_0]
startgroup
create_bd_cell -type ip -vlnv xilinx.com:ip:dist_mem_gen:8.0 dist_mem_gen_0
endgroup
set_property -dict [list CONFIG.depth {8192} CONFIG.data_width {32} CONFIG.memory_type {rom}] [get_bd_cells dist_mem_gen_0]
set_property location {3 817 -118} [get_bd_cells id_top_module_0]
set_property location {2 376 -208} [get_bd_cells fetch_register_file_0]
set_property location {4 1470 -277} [get_bd_cells fetch_register_file_1]
delete_bd_objs [get_bd_nets fetch_register_file_0_instruction_reg] [get_bd_nets fetch_register_file_1_instruction_reg] [get_bd_cells fetch_register_file_1]
set_property location {3.5 892 -201} [get_bd_cells id_top_module_0]
connect_bd_net [get_bd_pins fetch_register_file_0/instruction_reg] [get_bd_pins id_top_module_0/w_dest]
delete_bd_objs [get_bd_nets fetch_register_file_0_instruction_reg]
connect_bd_net [get_bd_pins fetch_register_file_0/instruction_reg] [get_bd_pins id_top_module_0/inst]
connect_bd_net [get_bd_ports clk] [get_bd_pins id_top_module_0/clk]
delete_bd_objs [get_bd_nets rst_1] [get_bd_cells debouncer_0]
update_compile_order -fileset sources_1
connect_bd_net [get_bd_ports rst] [get_bd_pins fetch_register_file_0/rst]
WARNING: [BD 41-1731] Type mismatch between connected pins: /ila_1/probe5(undef) and /rst(rst)
connect_bd_net [get_bd_ports rst] [get_bd_pins id_top_module_0/rst]
set_property location {2.5 785 -71} [get_bd_cells id_top_module_0]
delete_bd_objs [get_bd_nets fetch_register_file_1_updated_pc_reg] [get_bd_nets fetch_register_file_3_updated_pc_reg] [get_bd_nets fetch_register_file_3_instruction_reg] [get_bd_cells fetch_register_file_3]
delete_bd_objs [get_bd_nets fetch_register_file_2_updated_pc_reg] [get_bd_nets fetch_register_file_2_instruction_reg] [get_bd_cells fetch_register_file_2]
copy_bd_objs IF_Stage  [get_bd_cells {dist_mem_gen_0}]
set_property location {3.5 793 269} [get_bd_cells IF_Stage/dist_mem_gen_0]
set_property -dict [list CONFIG.coefficient_file {C:/Users/A.Z/Desktop/ALab/ca_lab/files/so1_files/output.coe}] [get_bd_cells IF_Stage/dist_mem_gen_0]
INFO: [IP_Flow 19-3484] Absolute path of file 'c:/Users/A.Z/Desktop/ALab/ca_lab/files/so1_files/output.coe' provided. It will be converted relative to IP Instance files '../../../../../../../files/so1_files/output.coe'
set_property location {3 735 273} [get_bd_cells IF_Stage/dist_mem_gen_0]
delete_bd_objs [get_bd_nets IF_Stage/xlslice_0_Dout]
connect_bd_net [get_bd_pins IF_Stage/xlslice_0/Dout] [get_bd_pins IF_Stage/dist_mem_gen_0/a]
delete_bd_objs [get_bd_nets IF_Stage/blk_mem_gen_0_douta]
connect_bd_net [get_bd_pins IF_Stage/douta] [get_bd_pins IF_Stage/dist_mem_gen_0/spo]
delete_bd_objs [get_bd_cells IF_Stage/blk_mem_gen_0]
delete_bd_objs [get_bd_cells dist_mem_gen_0]
delete_bd_objs [get_bd_nets fetch_register_file_0_updated_pc_reg] [get_bd_cells ila_1]
set_property location {3 879 -107} [get_bd_cells id_top_module_0]
create_bd_cell -type module -reference id_register_file id_register_file_0
INFO: [IP_Flow 19-5107] Inferred bus interface 'rst' of definition 'xilinx.com:signal:reset:1.0' (from Xilinx Repository).
INFO: [IP_Flow 19-5107] Inferred bus interface 'clk' of definition 'xilinx.com:signal:clock:1.0' (from Xilinx Repository).
INFO: [IP_Flow 19-4728] Bus Interface 'clk': Added interface parameter 'ASSOCIATED_RESET' with value 'rst'.
WARNING: [IP_Flow 19-3153] Bus Interface 'clk': ASSOCIATED_BUSIF bus parameter is missing.
INFO: [IP_Flow 19-234] Refreshing IP repositories
INFO: [IP_Flow 19-1704] No user IP repositories specified
set_property location {4.5 1322 -185} [get_bd_cells id_register_file_0]
set_property location {3.5 885 -138} [get_bd_cells id_top_module_0]
connect_bd_net [get_bd_ports clk] [get_bd_pins id_register_file_0/clk]
connect_bd_net [get_bd_ports rst] [get_bd_pins id_register_file_0/rst]
connect_bd_net [get_bd_pins id_top_module_0/imm] [get_bd_pins id_register_file_0/imm]
connect_bd_net [get_bd_pins id_top_module_0/shift_operand] [get_bd_pins id_register_file_0/shift_operand]
connect_bd_net [get_bd_pins id_top_module_0/cuoo] [get_bd_pins id_register_file_0/control_unit_out]
connect_bd_net [get_bd_pins id_top_module_0/signed_imm_24] [get_bd_pins id_register_file_0/signed_imm_24]
connect_bd_net [get_bd_pins id_top_module_0/dest] [get_bd_pins id_register_file_0/dest]
connect_bd_net [get_bd_pins id_top_module_0/val_rm] [get_bd_pins id_register_file_0/val_rm]
connect_bd_net [get_bd_pins id_top_module_0/val_rn] [get_bd_pins id_register_file_0/val_rn]
connect_bd_net [get_bd_pins fetch_register_file_0/updated_pc_reg] [get_bd_pins id_register_file_0/pc]
set_property location {3 900 51} [get_bd_cells id_top_module_0]
connect_bd_net [get_bd_pins id_top_module_0/z] [get_bd_pins xlconstant_0/dout]
connect_bd_net [get_bd_pins id_top_module_0/c] [get_bd_pins xlconstant_0/dout]
connect_bd_net [get_bd_pins id_top_module_0/n] [get_bd_pins xlconstant_0/dout]
connect_bd_net [get_bd_pins id_top_module_0/v] [get_bd_pins xlconstant_0/dout]
connect_bd_net [get_bd_pins id_top_module_0/hazard] [get_bd_pins xlconstant_0/dout]
connect_bd_net [get_bd_pins id_top_module_0/w_en] [get_bd_pins xlconstant_0/dout]
connect_bd_net [get_bd_pins id_top_module_0/w_dest] [get_bd_pins xlconstant_0/dout]
connect_bd_net [get_bd_pins id_top_module_0/w_val] [get_bd_pins xlconstant_0/dout]
connect_bd_net [get_bd_pins id_register_file_0/flush] [get_bd_pins xlconstant_0/dout]
connect_bd_net [get_bd_pins id_register_file_0/status_reg] [get_bd_pins xlconstant_0/dout]
create_bd_port -dir O f
delete_bd_objs [get_bd_ports f]
startgroup
make_bd_pins_external  [get_bd_cells id_register_file_0]
make_bd_intf_pins_external  [get_bd_cells id_register_file_0]
INFO: [BD 5-409] No interface pins to be made external for /id_register_file_0
endgroup
make_wrapper -files [get_files C:/Users/A.Z/Desktop/ALab/ca_lab/CA_LAB/CA_LAB.srcs/sources_1/bd/CA_LAB1/CA_LAB1.bd] -top
WARNING: [BD 41-927] Following properties on pin /fetch_register_file_0/clk have been updated from connected ip. They may not be synchronized with cell properties. You can set property on pin directly to confirm the value and resolve the warning.
	CLK_DOMAIN=CA_LAB1_clk 
WARNING: [BD 41-927] Following properties on pin /id_top_module_0/clk have been updated from connected ip. They may not be synchronized with cell properties. You can set property on pin directly to confirm the value and resolve the warning.
	CLK_DOMAIN=CA_LAB1_clk 
WARNING: [BD 41-927] Following properties on pin /id_register_file_0/clk have been updated from connected ip. They may not be synchronized with cell properties. You can set property on pin directly to confirm the value and resolve the warning.
	CLK_DOMAIN=CA_LAB1_clk 
WARNING: [BD 41-927] Following properties on pin /IF_Stage/fetch_instruction_0/clk have been updated from connected ip. They may not be synchronized with cell properties. You can set property on pin directly to confirm the value and resolve the warning.
	CLK_DOMAIN=CA_LAB1_clk 
Wrote  : <C:\Users\A.Z\Desktop\ALab\ca_lab\CA_LAB\CA_LAB.srcs\sources_1\bd\CA_LAB1\CA_LAB1.bd> 
Wrote  : <C:/Users/A.Z/Desktop/ALab/ca_lab/CA_LAB/CA_LAB.srcs/sources_1/bd/CA_LAB1/ui/bd_c6c3045.ui> 
Wrote  : <C:/Users/A.Z/Desktop/ALab/ca_lab/CA_LAB/CA_LAB.srcs/sources_1/bd/CA_LAB1/ui/bd_8321c0e1.ui> 
CRITICAL WARNING: [BD 41-1228] Width mismatch when connecting input pin '/id_top_module_0/w_dest'(4) to net 'xlconstant_0_dout'(1) - Only lower order bits will be connected, and other input bits of this pin will be left unconnected.
CRITICAL WARNING: [BD 41-1228] Width mismatch when connecting input pin '/id_top_module_0/w_val'(32) to net 'xlconstant_0_dout'(1) - Only lower order bits will be connected, and other input bits of this pin will be left unconnected.
VHDL Output written to : C:/Users/A.Z/Desktop/ALab/ca_lab/CA_LAB/CA_LAB.srcs/sources_1/bd/CA_LAB1/synth/CA_LAB1.v
CRITICAL WARNING: [BD 41-1228] Width mismatch when connecting input pin '/id_top_module_0/w_dest'(4) to net 'xlconstant_0_dout'(1) - Only lower order bits will be connected, and other input bits of this pin will be left unconnected.
CRITICAL WARNING: [BD 41-1228] Width mismatch when connecting input pin '/id_top_module_0/w_val'(32) to net 'xlconstant_0_dout'(1) - Only lower order bits will be connected, and other input bits of this pin will be left unconnected.
VHDL Output written to : C:/Users/A.Z/Desktop/ALab/ca_lab/CA_LAB/CA_LAB.srcs/sources_1/bd/CA_LAB1/sim/CA_LAB1.v
VHDL Output written to : C:/Users/A.Z/Desktop/ALab/ca_lab/CA_LAB/CA_LAB.srcs/sources_1/bd/CA_LAB1/hdl/CA_LAB1_wrapper.v
Wrote  : <C:/Users/A.Z/Desktop/ALab/ca_lab/CA_LAB/CA_LAB.srcs/sources_1/bd/CA_LAB1/ui/bd_c6c3045.ui> 
Wrote  : <C:/Users/A.Z/Desktop/ALab/ca_lab/CA_LAB/CA_LAB.srcs/sources_1/bd/CA_LAB1/ui/bd_8321c0e1.ui> 
INFO: [IP_Flow 19-234] Refreshing IP repositories
INFO: [IP_Flow 19-1704] No user IP repositories specified
INFO: [IP_Flow 19-234] Refreshing IP repositories
INFO: [IP_Flow 19-1704] No user IP repositories specified
INFO: [IP_Flow 19-234] Refreshing IP repositories
INFO: [IP_Flow 19-1704] No user IP repositories specified
INFO: [IP_Flow 19-234] Refreshing IP repositories
INFO: [IP_Flow 19-1704] No user IP repositories specified
WARNING: [IP_Flow 19-4318] IP-XACT file does not exist: c:/Users/A.Z/Desktop/ALab/ca_lab/CA_LAB/CA_LAB.srcs/sources_1/bd/mref/condition_check/component.xml. It will be created.
update_compile_order -fileset sources_1
startgroup
create_bd_cell -type ip -vlnv xilinx.com:ip:xlconstant:1.1 xlconstant_1
endgroup
set_property -dict [list CONFIG.CONST_WIDTH {32} CONFIG.CONST_VAL {0}] [get_bd_cells xlconstant_1]
delete_bd_objs [get_bd_nets xlconstant_0_dout]
undo
INFO: [Common 17-17] undo 'delete_bd_objs [get_bd_nets xlconstant_0_dout]'
disconnect_bd_net /xlconstant_0_dout [get_bd_pins id_top_module_0/w_val]
disconnect_bd_net /xlconstant_0_dout [get_bd_pins id_top_module_0/w_dest]
connect_bd_net [get_bd_pins xlconstant_1/dout] [get_bd_pins id_top_module_0/w_val]
copy_bd_objs /  [get_bd_cells {xlconstant_1}]
set_property -dict [list CONFIG.CONST_WIDTH {4}] [get_bd_cells xlconstant_2]
connect_bd_net [get_bd_pins xlconstant_2/dout] [get_bd_pins id_top_module_0/w_dest]
make_wrapper -files [get_files C:/Users/A.Z/Desktop/ALab/ca_lab/CA_LAB/CA_LAB.srcs/sources_1/bd/CA_LAB1/CA_LAB1.bd] -top
WARNING: [BD 41-927] Following properties on pin /fetch_register_file_0/clk have been updated from connected ip. They may not be synchronized with cell properties. You can set property on pin directly to confirm the value and resolve the warning.
	CLK_DOMAIN=CA_LAB1_clk 
WARNING: [BD 41-927] Following properties on pin /id_top_module_0/clk have been updated from connected ip. They may not be synchronized with cell properties. You can set property on pin directly to confirm the value and resolve the warning.
	CLK_DOMAIN=CA_LAB1_clk 
WARNING: [BD 41-927] Following properties on pin /id_register_file_0/clk have been updated from connected ip. They may not be synchronized with cell properties. You can set property on pin directly to confirm the value and resolve the warning.
	CLK_DOMAIN=CA_LAB1_clk 
WARNING: [BD 41-927] Following properties on pin /IF_Stage/fetch_instruction_0/clk have been updated from connected ip. They may not be synchronized with cell properties. You can set property on pin directly to confirm the value and resolve the warning.
	CLK_DOMAIN=CA_LAB1_clk 
Wrote  : <C:\Users\A.Z\Desktop\ALab\ca_lab\CA_LAB\CA_LAB.srcs\sources_1\bd\CA_LAB1\CA_LAB1.bd> 
Wrote  : <C:/Users/A.Z/Desktop/ALab/ca_lab/CA_LAB/CA_LAB.srcs/sources_1/bd/CA_LAB1/ui/bd_c6c3045.ui> 
Wrote  : <C:/Users/A.Z/Desktop/ALab/ca_lab/CA_LAB/CA_LAB.srcs/sources_1/bd/CA_LAB1/ui/bd_8321c0e1.ui> 
VHDL Output written to : C:/Users/A.Z/Desktop/ALab/ca_lab/CA_LAB/CA_LAB.srcs/sources_1/bd/CA_LAB1/synth/CA_LAB1.v
VHDL Output written to : C:/Users/A.Z/Desktop/ALab/ca_lab/CA_LAB/CA_LAB.srcs/sources_1/bd/CA_LAB1/sim/CA_LAB1.v
VHDL Output written to : C:/Users/A.Z/Desktop/ALab/ca_lab/CA_LAB/CA_LAB.srcs/sources_1/bd/CA_LAB1/hdl/CA_LAB1_wrapper.v
Wrote  : <C:/Users/A.Z/Desktop/ALab/ca_lab/CA_LAB/CA_LAB.srcs/sources_1/bd/CA_LAB1/ui/bd_c6c3045.ui> 
Wrote  : <C:/Users/A.Z/Desktop/ALab/ca_lab/CA_LAB/CA_LAB.srcs/sources_1/bd/CA_LAB1/ui/bd_8321c0e1.ui> 
make_wrapper -files [get_files C:/Users/A.Z/Desktop/ALab/ca_lab/CA_LAB/CA_LAB.srcs/sources_1/bd/CA_LAB1/CA_LAB1.bd] -top
INFO: [BD 41-1662] The design 'CA_LAB1.bd' is already validated. Therefore parameter propagation will not be re-run.
Wrote  : <C:/Users/A.Z/Desktop/ALab/ca_lab/CA_LAB/CA_LAB.srcs/sources_1/bd/CA_LAB1/ui/bd_c6c3045.ui> 
Wrote  : <C:/Users/A.Z/Desktop/ALab/ca_lab/CA_LAB/CA_LAB.srcs/sources_1/bd/CA_LAB1/ui/bd_8321c0e1.ui> 
VHDL Output written to : C:/Users/A.Z/Desktop/ALab/ca_lab/CA_LAB/CA_LAB.srcs/sources_1/bd/CA_LAB1/synth/CA_LAB1.v
VHDL Output written to : C:/Users/A.Z/Desktop/ALab/ca_lab/CA_LAB/CA_LAB.srcs/sources_1/bd/CA_LAB1/sim/CA_LAB1.v
VHDL Output written to : C:/Users/A.Z/Desktop/ALab/ca_lab/CA_LAB/CA_LAB.srcs/sources_1/bd/CA_LAB1/hdl/CA_LAB1_wrapper.v
Wrote  : <C:/Users/A.Z/Desktop/ALab/ca_lab/CA_LAB/CA_LAB.srcs/sources_1/bd/CA_LAB1/ui/bd_c6c3045.ui> 
Wrote  : <C:/Users/A.Z/Desktop/ALab/ca_lab/CA_LAB/CA_LAB.srcs/sources_1/bd/CA_LAB1/ui/bd_8321c0e1.ui> 
set_property SOURCE_SET sources_1 [get_filesets sim_1]
add_files -fileset sim_1 -norecurse C:/Users/A.Z/Desktop/ALab/ca_lab/modules/fetch_inst/testbench1.v
WARNING: [filemgmt 56-12] File 'C:/Users/A.Z/Desktop/ALab/ca_lab/modules/fetch_inst/testbench1.v' cannot be added to the project because it already exists in the project, skipping this file
open_bd_design {C:/Users/A.Z/Desktop/ALab/ca_lab/CA_LAB/CA_LAB.srcs/sources_1/bd/CA_LAB1/CA_LAB1.bd}
generate_target Simulation [get_files C:/Users/A.Z/Desktop/ALab/ca_lab/CA_LAB/CA_LAB.srcs/sources_1/bd/CA_LAB1/CA_LAB1.bd]
INFO: [BD 41-1662] The design 'CA_LAB1.bd' is already validated. Therefore parameter propagation will not be re-run.
Wrote  : <C:/Users/A.Z/Desktop/ALab/ca_lab/CA_LAB/CA_LAB.srcs/sources_1/bd/CA_LAB1/ui/bd_c6c3045.ui> 
Wrote  : <C:/Users/A.Z/Desktop/ALab/ca_lab/CA_LAB/CA_LAB.srcs/sources_1/bd/CA_LAB1/ui/bd_8321c0e1.ui> 
VHDL Output written to : C:/Users/A.Z/Desktop/ALab/ca_lab/CA_LAB/CA_LAB.srcs/sources_1/bd/CA_LAB1/synth/CA_LAB1.v
VHDL Output written to : C:/Users/A.Z/Desktop/ALab/ca_lab/CA_LAB/CA_LAB.srcs/sources_1/bd/CA_LAB1/sim/CA_LAB1.v
VHDL Output written to : C:/Users/A.Z/Desktop/ALab/ca_lab/CA_LAB/CA_LAB.srcs/sources_1/bd/CA_LAB1/hdl/CA_LAB1_wrapper.v
Wrote  : <C:/Users/A.Z/Desktop/ALab/ca_lab/CA_LAB/CA_LAB.srcs/sources_1/bd/CA_LAB1/ui/bd_c6c3045.ui> 
Wrote  : <C:/Users/A.Z/Desktop/ALab/ca_lab/CA_LAB/CA_LAB.srcs/sources_1/bd/CA_LAB1/ui/bd_8321c0e1.ui> 
INFO: [BD 41-1029] Generation completed for the IP Integrator block IF_Stage/fetch_instruction_0 .
INFO: [BD 41-1029] Generation completed for the IP Integrator block xlconstant_0 .
INFO: [BD 41-1029] Generation completed for the IP Integrator block IF_Stage/xlslice_0 .
INFO: [BD 41-1029] Generation completed for the IP Integrator block fetch_register_file_0 .
INFO: [BD 41-1029] Generation completed for the IP Integrator block IF_Stage/dist_mem_gen_0 .
INFO: [BD 41-1029] Generation completed for the IP Integrator block id_top_module_0 .
INFO: [BD 41-1029] Generation completed for the IP Integrator block id_register_file_0 .
INFO: [BD 41-1029] Generation completed for the IP Integrator block xlconstant_1 .
INFO: [BD 41-1029] Generation completed for the IP Integrator block xlconstant_2 .
Exporting to file C:/Users/A.Z/Desktop/ALab/ca_lab/CA_LAB/CA_LAB.srcs/sources_1/bd/CA_LAB1/hw_handoff/CA_LAB1.hwh
Generated Block Design Tcl file C:/Users/A.Z/Desktop/ALab/ca_lab/CA_LAB/CA_LAB.srcs/sources_1/bd/CA_LAB1/hw_handoff/CA_LAB1_bd.tcl
Generated Hardware Definition File C:/Users/A.Z/Desktop/ALab/ca_lab/CA_LAB/CA_LAB.srcs/sources_1/bd/CA_LAB1/synth/CA_LAB1.hwdef
export_ip_user_files -of_objects [get_files C:/Users/A.Z/Desktop/ALab/ca_lab/CA_LAB/CA_LAB.srcs/sources_1/bd/CA_LAB1/CA_LAB1.bd] -no_script -sync -force -quiet
export_simulation -of_objects [get_files C:/Users/A.Z/Desktop/ALab/ca_lab/CA_LAB/CA_LAB.srcs/sources_1/bd/CA_LAB1/CA_LAB1.bd] -directory C:/Users/A.Z/Desktop/ALab/ca_lab/CA_LAB/CA_LAB.ip_user_files/sim_scripts -ip_user_files_dir C:/Users/A.Z/Desktop/ALab/ca_lab/CA_LAB/CA_LAB.ip_user_files -ipstatic_source_dir C:/Users/A.Z/Desktop/ALab/ca_lab/CA_LAB/CA_LAB.ip_user_files/ipstatic -lib_map_path [list {modelsim=C:/Users/A.Z/Desktop/ALab/ca_lab/CA_LAB/CA_LAB.cache/compile_simlib/modelsim} {questa=C:/Users/A.Z/Desktop/ALab/ca_lab/CA_LAB/CA_LAB.cache/compile_simlib/questa} {riviera=C:/Users/A.Z/Desktop/ALab/ca_lab/CA_LAB/CA_LAB.cache/compile_simlib/riviera} {activehdl=C:/Users/A.Z/Desktop/ALab/ca_lab/CA_LAB/CA_LAB.cache/compile_simlib/activehdl}] -use_ip_compiled_libs -force -quiet
launch_simulation
INFO: [Vivado 12-5698] Checking validity of IPs in the design for the 'XSim' simulator...
INFO: [Vivado 12-5682] Launching behavioral simulation in 'C:/Users/A.Z/Desktop/ALab/ca_lab/CA_LAB/CA_LAB.sim/sim_1/behav/xsim'
INFO: [Vivado 12-4795] Using compiled simulation libraries for IPs
INFO: [SIM-utils-51] Simulation object is 'sim_1'
INFO: [USF-XSim-7] Finding pre-compiled libraries...
INFO: [USF-XSim-11] File 'D:/Xilinx/Vivado/2018.3/data/xsim/xsim.ini' copied to run dir:'C:/Users/A.Z/Desktop/ALab/ca_lab/CA_LAB/CA_LAB.sim/sim_1/behav/xsim'
INFO: [SIM-utils-54] Inspecting design source files for 'testbench1' in fileset 'sim_1'...
INFO: [SIM-utils-43] Exported 'C:/Users/A.Z/Desktop/ALab/ca_lab/CA_LAB/CA_LAB.sim/sim_1/behav/xsim/output.coe'
INFO: [SIM-utils-43] Exported 'C:/Users/A.Z/Desktop/ALab/ca_lab/CA_LAB/CA_LAB.sim/sim_1/behav/xsim/CA_LAB1_dist_mem_gen_0_1.mif'
INFO: [USF-XSim-97] Finding global include files...
INFO: [USF-XSim-98] Fetching design files from 'sim_1'...
INFO: [USF-XSim-2] XSim::Compile design
INFO: [USF-XSim-61] Executing 'COMPILE and ANALYZE' step in 'C:/Users/A.Z/Desktop/ALab/ca_lab/CA_LAB/CA_LAB.sim/sim_1/behav/xsim'
"xvlog --incr --relax -prj testbench1_vlog.prj"
INFO: [VRFC 10-2263] Analyzing Verilog file "C:/Users/A.Z/Desktop/ALab/ca_lab/modules/fetch_inst/fetch_instruction.v" into library xil_defaultlib
INFO: [VRFC 10-311] analyzing module fetch_instruction
INFO: [VRFC 10-2263] Analyzing Verilog file "C:/Users/A.Z/Desktop/ALab/ca_lab/modules/fetch_inst/fetch_rf.v" into library xil_defaultlib
INFO: [VRFC 10-311] analyzing module fetch_register_file
INFO: [VRFC 10-2263] Analyzing Verilog file "C:/Users/A.Z/Desktop/ALab/verilog code/condition_check.v" into library xil_defaultlib
INFO: [VRFC 10-311] analyzing module condition_check
ERROR: [VRFC 10-3236] concurrent assignment to a non-net 'ccoo' is not permitted [C:/Users/A.Z/Desktop/ALab/verilog code/condition_check.v:24]
ERROR: [VRFC 10-2865] module 'condition_check' ignored due to previous errors [C:/Users/A.Z/Desktop/ALab/verilog code/condition_check.v:1]
INFO: [USF-XSim-69] 'compile' step finished in '4' seconds
INFO: [USF-XSim-99] Step results log file:'C:/Users/A.Z/Desktop/ALab/ca_lab/CA_LAB/CA_LAB.sim/sim_1/behav/xsim/xvlog.log'
ERROR: [USF-XSim-62] 'compile' step failed with error(s). Please check the Tcl console output or 'C:/Users/A.Z/Desktop/ALab/ca_lab/CA_LAB/CA_LAB.sim/sim_1/behav/xsim/xvlog.log' file for more information.
ERROR: [Vivado 12-4473] Detected error while running simulation. Please correct the issue and retry this operation.
launch_simulation: Time (s): cpu = 00:00:00 ; elapsed = 00:00:09 . Memory (MB): peak = 1273.570 ; gain = 0.000
ERROR: [Common 17-39] 'launch_simulation' failed due to earlier errors.
open_bd_design {C:/Users/A.Z/Desktop/ALab/ca_lab/CA_LAB/CA_LAB.srcs/sources_1/bd/CA_LAB1/CA_LAB1.bd}
open_bd_design {C:/Users/A.Z/Desktop/ALab/ca_lab/CA_LAB/CA_LAB.srcs/sources_1/bd/CA_LAB1/CA_LAB1.bd}
open_bd_design {C:/Users/A.Z/Desktop/ALab/ca_lab/CA_LAB/CA_LAB.srcs/sources_1/bd/CA_LAB1/CA_LAB1.bd}
update_module_reference CA_LAB1_id_top_module_0_0
INFO: [IP_Flow 19-5107] Inferred bus interface 'rst' of definition 'xilinx.com:signal:reset:1.0' (from Xilinx Repository).
INFO: [IP_Flow 19-5107] Inferred bus interface 'clk' of definition 'xilinx.com:signal:clock:1.0' (from Xilinx Repository).
INFO: [IP_Flow 19-4728] Bus Interface 'clk': Added interface parameter 'ASSOCIATED_RESET' with value 'rst'.
WARNING: [IP_Flow 19-3153] Bus Interface 'clk': ASSOCIATED_BUSIF bus parameter is missing.
INFO: [IP_Flow 19-234] Refreshing IP repositories
INFO: [IP_Flow 19-1704] No user IP repositories specified
Upgrading 'C:/Users/A.Z/Desktop/ALab/ca_lab/CA_LAB/CA_LAB.srcs/sources_1/bd/CA_LAB1/CA_LAB1.bd'
INFO: [IP_Flow 19-1972] Upgraded CA_LAB1_id_top_module_0_0 from id_top_module_v1_0 1.0 to id_top_module_v1_0 1.0
Wrote  : <C:\Users\A.Z\Desktop\ALab\ca_lab\CA_LAB\CA_LAB.srcs\sources_1\bd\CA_LAB1\CA_LAB1.bd> 
Wrote  : <C:/Users/A.Z/Desktop/ALab/ca_lab/CA_LAB/CA_LAB.srcs/sources_1/bd/CA_LAB1/ui/bd_c6c3045.ui> 
Wrote  : <C:/Users/A.Z/Desktop/ALab/ca_lab/CA_LAB/CA_LAB.srcs/sources_1/bd/CA_LAB1/ui/bd_8321c0e1.ui> 
make_wrapper -files [get_files C:/Users/A.Z/Desktop/ALab/ca_lab/CA_LAB/CA_LAB.srcs/sources_1/bd/CA_LAB1/CA_LAB1.bd] -top
WARNING: [BD 41-927] Following properties on pin /fetch_register_file_0/clk have been updated from connected ip. They may not be synchronized with cell properties. You can set property on pin directly to confirm the value and resolve the warning.
	CLK_DOMAIN=CA_LAB1_clk 
WARNING: [BD 41-927] Following properties on pin /id_register_file_0/clk have been updated from connected ip. They may not be synchronized with cell properties. You can set property on pin directly to confirm the value and resolve the warning.
	CLK_DOMAIN=CA_LAB1_clk 
WARNING: [BD 41-927] Following properties on pin /id_top_module_0/clk have been updated from connected ip. They may not be synchronized with cell properties. You can set property on pin directly to confirm the value and resolve the warning.
	CLK_DOMAIN=CA_LAB1_clk 
WARNING: [BD 41-927] Following properties on pin /IF_Stage/fetch_instruction_0/clk have been updated from connected ip. They may not be synchronized with cell properties. You can set property on pin directly to confirm the value and resolve the warning.
	CLK_DOMAIN=CA_LAB1_clk 
Wrote  : <C:\Users\A.Z\Desktop\ALab\ca_lab\CA_LAB\CA_LAB.srcs\sources_1\bd\CA_LAB1\CA_LAB1.bd> 
Wrote  : <C:/Users/A.Z/Desktop/ALab/ca_lab/CA_LAB/CA_LAB.srcs/sources_1/bd/CA_LAB1/ui/bd_c6c3045.ui> 
Wrote  : <C:/Users/A.Z/Desktop/ALab/ca_lab/CA_LAB/CA_LAB.srcs/sources_1/bd/CA_LAB1/ui/bd_8321c0e1.ui> 
VHDL Output written to : C:/Users/A.Z/Desktop/ALab/ca_lab/CA_LAB/CA_LAB.srcs/sources_1/bd/CA_LAB1/synth/CA_LAB1.v
VHDL Output written to : C:/Users/A.Z/Desktop/ALab/ca_lab/CA_LAB/CA_LAB.srcs/sources_1/bd/CA_LAB1/sim/CA_LAB1.v
VHDL Output written to : C:/Users/A.Z/Desktop/ALab/ca_lab/CA_LAB/CA_LAB.srcs/sources_1/bd/CA_LAB1/hdl/CA_LAB1_wrapper.v
Wrote  : <C:/Users/A.Z/Desktop/ALab/ca_lab/CA_LAB/CA_LAB.srcs/sources_1/bd/CA_LAB1/ui/bd_c6c3045.ui> 
Wrote  : <C:/Users/A.Z/Desktop/ALab/ca_lab/CA_LAB/CA_LAB.srcs/sources_1/bd/CA_LAB1/ui/bd_8321c0e1.ui> 
generate_target Simulation [get_files C:/Users/A.Z/Desktop/ALab/ca_lab/CA_LAB/CA_LAB.srcs/sources_1/bd/CA_LAB1/CA_LAB1.bd]
INFO: [BD 41-1662] The design 'CA_LAB1.bd' is already validated. Therefore parameter propagation will not be re-run.
Wrote  : <C:/Users/A.Z/Desktop/ALab/ca_lab/CA_LAB/CA_LAB.srcs/sources_1/bd/CA_LAB1/ui/bd_c6c3045.ui> 
Wrote  : <C:/Users/A.Z/Desktop/ALab/ca_lab/CA_LAB/CA_LAB.srcs/sources_1/bd/CA_LAB1/ui/bd_8321c0e1.ui> 
VHDL Output written to : C:/Users/A.Z/Desktop/ALab/ca_lab/CA_LAB/CA_LAB.srcs/sources_1/bd/CA_LAB1/synth/CA_LAB1.v
VHDL Output written to : C:/Users/A.Z/Desktop/ALab/ca_lab/CA_LAB/CA_LAB.srcs/sources_1/bd/CA_LAB1/sim/CA_LAB1.v
VHDL Output written to : C:/Users/A.Z/Desktop/ALab/ca_lab/CA_LAB/CA_LAB.srcs/sources_1/bd/CA_LAB1/hdl/CA_LAB1_wrapper.v
Wrote  : <C:/Users/A.Z/Desktop/ALab/ca_lab/CA_LAB/CA_LAB.srcs/sources_1/bd/CA_LAB1/ui/bd_c6c3045.ui> 
Wrote  : <C:/Users/A.Z/Desktop/ALab/ca_lab/CA_LAB/CA_LAB.srcs/sources_1/bd/CA_LAB1/ui/bd_8321c0e1.ui> 
INFO: [BD 41-1029] Generation completed for the IP Integrator block IF_Stage/fetch_instruction_0 .
INFO: [BD 41-1029] Generation completed for the IP Integrator block xlconstant_0 .
INFO: [BD 41-1029] Generation completed for the IP Integrator block IF_Stage/xlslice_0 .
INFO: [BD 41-1029] Generation completed for the IP Integrator block fetch_register_file_0 .
INFO: [BD 41-1029] Generation completed for the IP Integrator block IF_Stage/dist_mem_gen_0 .
INFO: [BD 41-1029] Generation completed for the IP Integrator block id_top_module_0 .
INFO: [BD 41-1029] Generation completed for the IP Integrator block id_register_file_0 .
INFO: [BD 41-1029] Generation completed for the IP Integrator block xlconstant_1 .
INFO: [BD 41-1029] Generation completed for the IP Integrator block xlconstant_2 .
Exporting to file C:/Users/A.Z/Desktop/ALab/ca_lab/CA_LAB/CA_LAB.srcs/sources_1/bd/CA_LAB1/hw_handoff/CA_LAB1.hwh
Generated Block Design Tcl file C:/Users/A.Z/Desktop/ALab/ca_lab/CA_LAB/CA_LAB.srcs/sources_1/bd/CA_LAB1/hw_handoff/CA_LAB1_bd.tcl
Generated Hardware Definition File C:/Users/A.Z/Desktop/ALab/ca_lab/CA_LAB/CA_LAB.srcs/sources_1/bd/CA_LAB1/synth/CA_LAB1.hwdef
export_ip_user_files -of_objects [get_files C:/Users/A.Z/Desktop/ALab/ca_lab/CA_LAB/CA_LAB.srcs/sources_1/bd/CA_LAB1/CA_LAB1.bd] -no_script -sync -force -quiet
export_simulation -of_objects [get_files C:/Users/A.Z/Desktop/ALab/ca_lab/CA_LAB/CA_LAB.srcs/sources_1/bd/CA_LAB1/CA_LAB1.bd] -directory C:/Users/A.Z/Desktop/ALab/ca_lab/CA_LAB/CA_LAB.ip_user_files/sim_scripts -ip_user_files_dir C:/Users/A.Z/Desktop/ALab/ca_lab/CA_LAB/CA_LAB.ip_user_files -ipstatic_source_dir C:/Users/A.Z/Desktop/ALab/ca_lab/CA_LAB/CA_LAB.ip_user_files/ipstatic -lib_map_path [list {modelsim=C:/Users/A.Z/Desktop/ALab/ca_lab/CA_LAB/CA_LAB.cache/compile_simlib/modelsim} {questa=C:/Users/A.Z/Desktop/ALab/ca_lab/CA_LAB/CA_LAB.cache/compile_simlib/questa} {riviera=C:/Users/A.Z/Desktop/ALab/ca_lab/CA_LAB/CA_LAB.cache/compile_simlib/riviera} {activehdl=C:/Users/A.Z/Desktop/ALab/ca_lab/CA_LAB/CA_LAB.cache/compile_simlib/activehdl}] -use_ip_compiled_libs -force -quiet
launch_simulation
INFO: [Vivado 12-5698] Checking validity of IPs in the design for the 'XSim' simulator...
INFO: [Vivado 12-5682] Launching behavioral simulation in 'C:/Users/A.Z/Desktop/ALab/ca_lab/CA_LAB/CA_LAB.sim/sim_1/behav/xsim'
INFO: [Vivado 12-4795] Using compiled simulation libraries for IPs
INFO: [SIM-utils-51] Simulation object is 'sim_1'
INFO: [USF-XSim-7] Finding pre-compiled libraries...
INFO: [USF-XSim-11] File 'D:/Xilinx/Vivado/2018.3/data/xsim/xsim.ini' copied to run dir:'C:/Users/A.Z/Desktop/ALab/ca_lab/CA_LAB/CA_LAB.sim/sim_1/behav/xsim'
INFO: [SIM-utils-54] Inspecting design source files for 'testbench1' in fileset 'sim_1'...
INFO: [SIM-utils-43] Exported 'C:/Users/A.Z/Desktop/ALab/ca_lab/CA_LAB/CA_LAB.sim/sim_1/behav/xsim/output.coe'
INFO: [SIM-utils-43] Exported 'C:/Users/A.Z/Desktop/ALab/ca_lab/CA_LAB/CA_LAB.sim/sim_1/behav/xsim/CA_LAB1_dist_mem_gen_0_1.mif'
INFO: [USF-XSim-97] Finding global include files...
INFO: [USF-XSim-98] Fetching design files from 'sim_1'...
INFO: [USF-XSim-2] XSim::Compile design
INFO: [USF-XSim-61] Executing 'COMPILE and ANALYZE' step in 'C:/Users/A.Z/Desktop/ALab/ca_lab/CA_LAB/CA_LAB.sim/sim_1/behav/xsim'
"xvlog --incr --relax -prj testbench1_vlog.prj"
INFO: [VRFC 10-2263] Analyzing Verilog file "C:/Users/A.Z/Desktop/ALab/ca_lab/modules/fetch_inst/fetch_instruction.v" into library xil_defaultlib
INFO: [VRFC 10-311] analyzing module fetch_instruction
INFO: [VRFC 10-2263] Analyzing Verilog file "C:/Users/A.Z/Desktop/ALab/ca_lab/modules/fetch_inst/fetch_rf.v" into library xil_defaultlib
INFO: [VRFC 10-311] analyzing module fetch_register_file
INFO: [VRFC 10-2263] Analyzing Verilog file "C:/Users/A.Z/Desktop/ALab/verilog code/condition_check.v" into library xil_defaultlib
INFO: [VRFC 10-311] analyzing module condition_check
ERROR: [VRFC 10-3236] concurrent assignment to a non-net 'ccoo' is not permitted [C:/Users/A.Z/Desktop/ALab/verilog code/condition_check.v:24]
ERROR: [VRFC 10-2865] module 'condition_check' ignored due to previous errors [C:/Users/A.Z/Desktop/ALab/verilog code/condition_check.v:1]
INFO: [USF-XSim-69] 'compile' step finished in '2' seconds
INFO: [USF-XSim-99] Step results log file:'C:/Users/A.Z/Desktop/ALab/ca_lab/CA_LAB/CA_LAB.sim/sim_1/behav/xsim/xvlog.log'
ERROR: [USF-XSim-62] 'compile' step failed with error(s). Please check the Tcl console output or 'C:/Users/A.Z/Desktop/ALab/ca_lab/CA_LAB/CA_LAB.sim/sim_1/behav/xsim/xvlog.log' file for more information.
ERROR: [Vivado 12-4473] Detected error while running simulation. Please correct the issue and retry this operation.
launch_simulation: Time (s): cpu = 00:00:01 ; elapsed = 00:00:07 . Memory (MB): peak = 1350.758 ; gain = 0.000
ERROR: [Common 17-39] 'launch_simulation' failed due to earlier errors.
update_module_reference CA_LAB1_id_top_module_0_0
INFO: [IP_Flow 19-5107] Inferred bus interface 'rst' of definition 'xilinx.com:signal:reset:1.0' (from Xilinx Repository).
INFO: [IP_Flow 19-5107] Inferred bus interface 'clk' of definition 'xilinx.com:signal:clock:1.0' (from Xilinx Repository).
INFO: [IP_Flow 19-4728] Bus Interface 'clk': Added interface parameter 'ASSOCIATED_RESET' with value 'rst'.
WARNING: [IP_Flow 19-3153] Bus Interface 'clk': ASSOCIATED_BUSIF bus parameter is missing.
INFO: [IP_Flow 19-234] Refreshing IP repositories
INFO: [IP_Flow 19-1704] No user IP repositories specified
Upgrading 'C:/Users/A.Z/Desktop/ALab/ca_lab/CA_LAB/CA_LAB.srcs/sources_1/bd/CA_LAB1/CA_LAB1.bd'
INFO: [IP_Flow 19-1972] Upgraded CA_LAB1_id_top_module_0_0 from id_top_module_v1_0 1.0 to id_top_module_v1_0 1.0
Wrote  : <C:\Users\A.Z\Desktop\ALab\ca_lab\CA_LAB\CA_LAB.srcs\sources_1\bd\CA_LAB1\CA_LAB1.bd> 
Wrote  : <C:/Users/A.Z/Desktop/ALab/ca_lab/CA_LAB/CA_LAB.srcs/sources_1/bd/CA_LAB1/ui/bd_c6c3045.ui> 
Wrote  : <C:/Users/A.Z/Desktop/ALab/ca_lab/CA_LAB/CA_LAB.srcs/sources_1/bd/CA_LAB1/ui/bd_8321c0e1.ui> 
update_module_reference CA_LAB1_id_top_module_0_0
INFO: [IP_Flow 19-5107] Inferred bus interface 'rst' of definition 'xilinx.com:signal:reset:1.0' (from Xilinx Repository).
INFO: [IP_Flow 19-5107] Inferred bus interface 'clk' of definition 'xilinx.com:signal:clock:1.0' (from Xilinx Repository).
INFO: [IP_Flow 19-4728] Bus Interface 'clk': Added interface parameter 'ASSOCIATED_RESET' with value 'rst'.
WARNING: [IP_Flow 19-3153] Bus Interface 'clk': ASSOCIATED_BUSIF bus parameter is missing.
INFO: [IP_Flow 19-234] Refreshing IP repositories
INFO: [IP_Flow 19-1704] No user IP repositories specified
Upgrading 'C:/Users/A.Z/Desktop/ALab/ca_lab/CA_LAB/CA_LAB.srcs/sources_1/bd/CA_LAB1/CA_LAB1.bd'
INFO: [IP_Flow 19-1972] Upgraded CA_LAB1_id_top_module_0_0 from id_top_module_v1_0 1.0 to id_top_module_v1_0 1.0
Wrote  : <C:\Users\A.Z\Desktop\ALab\ca_lab\CA_LAB\CA_LAB.srcs\sources_1\bd\CA_LAB1\CA_LAB1.bd> 
Wrote  : <C:/Users/A.Z/Desktop/ALab/ca_lab/CA_LAB/CA_LAB.srcs/sources_1/bd/CA_LAB1/ui/bd_c6c3045.ui> 
Wrote  : <C:/Users/A.Z/Desktop/ALab/ca_lab/CA_LAB/CA_LAB.srcs/sources_1/bd/CA_LAB1/ui/bd_8321c0e1.ui> 
generate_target Simulation [get_files C:/Users/A.Z/Desktop/ALab/ca_lab/CA_LAB/CA_LAB.srcs/sources_1/bd/CA_LAB1/CA_LAB1.bd]
WARNING: [BD 41-927] Following properties on pin /fetch_register_file_0/clk have been updated from connected ip. They may not be synchronized with cell properties. You can set property on pin directly to confirm the value and resolve the warning.
	CLK_DOMAIN=CA_LAB1_clk 
WARNING: [BD 41-927] Following properties on pin /id_register_file_0/clk have been updated from connected ip. They may not be synchronized with cell properties. You can set property on pin directly to confirm the value and resolve the warning.
	CLK_DOMAIN=CA_LAB1_clk 
WARNING: [BD 41-927] Following properties on pin /id_top_module_0/clk have been updated from connected ip. They may not be synchronized with cell properties. You can set property on pin directly to confirm the value and resolve the warning.
	CLK_DOMAIN=CA_LAB1_clk 
WARNING: [BD 41-927] Following properties on pin /IF_Stage/fetch_instruction_0/clk have been updated from connected ip. They may not be synchronized with cell properties. You can set property on pin directly to confirm the value and resolve the warning.
	CLK_DOMAIN=CA_LAB1_clk 
Wrote  : <C:\Users\A.Z\Desktop\ALab\ca_lab\CA_LAB\CA_LAB.srcs\sources_1\bd\CA_LAB1\CA_LAB1.bd> 
Wrote  : <C:/Users/A.Z/Desktop/ALab/ca_lab/CA_LAB/CA_LAB.srcs/sources_1/bd/CA_LAB1/ui/bd_c6c3045.ui> 
Wrote  : <C:/Users/A.Z/Desktop/ALab/ca_lab/CA_LAB/CA_LAB.srcs/sources_1/bd/CA_LAB1/ui/bd_8321c0e1.ui> 
VHDL Output written to : C:/Users/A.Z/Desktop/ALab/ca_lab/CA_LAB/CA_LAB.srcs/sources_1/bd/CA_LAB1/synth/CA_LAB1.v
VHDL Output written to : C:/Users/A.Z/Desktop/ALab/ca_lab/CA_LAB/CA_LAB.srcs/sources_1/bd/CA_LAB1/sim/CA_LAB1.v
VHDL Output written to : C:/Users/A.Z/Desktop/ALab/ca_lab/CA_LAB/CA_LAB.srcs/sources_1/bd/CA_LAB1/hdl/CA_LAB1_wrapper.v
Wrote  : <C:/Users/A.Z/Desktop/ALab/ca_lab/CA_LAB/CA_LAB.srcs/sources_1/bd/CA_LAB1/ui/bd_c6c3045.ui> 
Wrote  : <C:/Users/A.Z/Desktop/ALab/ca_lab/CA_LAB/CA_LAB.srcs/sources_1/bd/CA_LAB1/ui/bd_8321c0e1.ui> 
INFO: [BD 41-1029] Generation completed for the IP Integrator block IF_Stage/fetch_instruction_0 .
INFO: [BD 41-1029] Generation completed for the IP Integrator block xlconstant_0 .
INFO: [BD 41-1029] Generation completed for the IP Integrator block IF_Stage/xlslice_0 .
INFO: [BD 41-1029] Generation completed for the IP Integrator block fetch_register_file_0 .
INFO: [BD 41-1029] Generation completed for the IP Integrator block IF_Stage/dist_mem_gen_0 .
INFO: [BD 41-1029] Generation completed for the IP Integrator block id_top_module_0 .
INFO: [BD 41-1029] Generation completed for the IP Integrator block id_register_file_0 .
INFO: [BD 41-1029] Generation completed for the IP Integrator block xlconstant_1 .
INFO: [BD 41-1029] Generation completed for the IP Integrator block xlconstant_2 .
Exporting to file C:/Users/A.Z/Desktop/ALab/ca_lab/CA_LAB/CA_LAB.srcs/sources_1/bd/CA_LAB1/hw_handoff/CA_LAB1.hwh
Generated Block Design Tcl file C:/Users/A.Z/Desktop/ALab/ca_lab/CA_LAB/CA_LAB.srcs/sources_1/bd/CA_LAB1/hw_handoff/CA_LAB1_bd.tcl
Generated Hardware Definition File C:/Users/A.Z/Desktop/ALab/ca_lab/CA_LAB/CA_LAB.srcs/sources_1/bd/CA_LAB1/synth/CA_LAB1.hwdef
export_ip_user_files -of_objects [get_files C:/Users/A.Z/Desktop/ALab/ca_lab/CA_LAB/CA_LAB.srcs/sources_1/bd/CA_LAB1/CA_LAB1.bd] -no_script -sync -force -quiet
export_simulation -of_objects [get_files C:/Users/A.Z/Desktop/ALab/ca_lab/CA_LAB/CA_LAB.srcs/sources_1/bd/CA_LAB1/CA_LAB1.bd] -directory C:/Users/A.Z/Desktop/ALab/ca_lab/CA_LAB/CA_LAB.ip_user_files/sim_scripts -ip_user_files_dir C:/Users/A.Z/Desktop/ALab/ca_lab/CA_LAB/CA_LAB.ip_user_files -ipstatic_source_dir C:/Users/A.Z/Desktop/ALab/ca_lab/CA_LAB/CA_LAB.ip_user_files/ipstatic -lib_map_path [list {modelsim=C:/Users/A.Z/Desktop/ALab/ca_lab/CA_LAB/CA_LAB.cache/compile_simlib/modelsim} {questa=C:/Users/A.Z/Desktop/ALab/ca_lab/CA_LAB/CA_LAB.cache/compile_simlib/questa} {riviera=C:/Users/A.Z/Desktop/ALab/ca_lab/CA_LAB/CA_LAB.cache/compile_simlib/riviera} {activehdl=C:/Users/A.Z/Desktop/ALab/ca_lab/CA_LAB/CA_LAB.cache/compile_simlib/activehdl}] -use_ip_compiled_libs -force -quiet
launch_simulation
INFO: [Vivado 12-5698] Checking validity of IPs in the design for the 'XSim' simulator...
INFO: [Vivado 12-5682] Launching behavioral simulation in 'C:/Users/A.Z/Desktop/ALab/ca_lab/CA_LAB/CA_LAB.sim/sim_1/behav/xsim'
INFO: [Vivado 12-4795] Using compiled simulation libraries for IPs
INFO: [SIM-utils-51] Simulation object is 'sim_1'
INFO: [USF-XSim-7] Finding pre-compiled libraries...
INFO: [USF-XSim-11] File 'D:/Xilinx/Vivado/2018.3/data/xsim/xsim.ini' copied to run dir:'C:/Users/A.Z/Desktop/ALab/ca_lab/CA_LAB/CA_LAB.sim/sim_1/behav/xsim'
INFO: [SIM-utils-54] Inspecting design source files for 'testbench1' in fileset 'sim_1'...
INFO: [SIM-utils-43] Exported 'C:/Users/A.Z/Desktop/ALab/ca_lab/CA_LAB/CA_LAB.sim/sim_1/behav/xsim/output.coe'
INFO: [SIM-utils-43] Exported 'C:/Users/A.Z/Desktop/ALab/ca_lab/CA_LAB/CA_LAB.sim/sim_1/behav/xsim/CA_LAB1_dist_mem_gen_0_1.mif'
INFO: [USF-XSim-97] Finding global include files...
INFO: [USF-XSim-98] Fetching design files from 'sim_1'...
INFO: [USF-XSim-2] XSim::Compile design
INFO: [USF-XSim-61] Executing 'COMPILE and ANALYZE' step in 'C:/Users/A.Z/Desktop/ALab/ca_lab/CA_LAB/CA_LAB.sim/sim_1/behav/xsim'
"xvlog --incr --relax -prj testbench1_vlog.prj"
INFO: [VRFC 10-2263] Analyzing Verilog file "C:/Users/A.Z/Desktop/ALab/ca_lab/modules/fetch_inst/fetch_instruction.v" into library xil_defaultlib
INFO: [VRFC 10-311] analyzing module fetch_instruction
INFO: [VRFC 10-2263] Analyzing Verilog file "C:/Users/A.Z/Desktop/ALab/ca_lab/modules/fetch_inst/fetch_rf.v" into library xil_defaultlib
INFO: [VRFC 10-311] analyzing module fetch_register_file
INFO: [VRFC 10-2263] Analyzing Verilog file "C:/Users/A.Z/Desktop/ALab/verilog code/condition_check.v" into library xil_defaultlib
INFO: [VRFC 10-311] analyzing module condition_check
ERROR: [VRFC 10-3236] concurrent assignment to a non-net 'ccoo' is not permitted [C:/Users/A.Z/Desktop/ALab/verilog code/condition_check.v:24]
ERROR: [VRFC 10-2865] module 'condition_check' ignored due to previous errors [C:/Users/A.Z/Desktop/ALab/verilog code/condition_check.v:1]
INFO: [USF-XSim-69] 'compile' step finished in '2' seconds
INFO: [USF-XSim-99] Step results log file:'C:/Users/A.Z/Desktop/ALab/ca_lab/CA_LAB/CA_LAB.sim/sim_1/behav/xsim/xvlog.log'
ERROR: [USF-XSim-62] 'compile' step failed with error(s). Please check the Tcl console output or 'C:/Users/A.Z/Desktop/ALab/ca_lab/CA_LAB/CA_LAB.sim/sim_1/behav/xsim/xvlog.log' file for more information.
ERROR: [Vivado 12-4473] Detected error while running simulation. Please correct the issue and retry this operation.
launch_simulation: Time (s): cpu = 00:00:00 ; elapsed = 00:00:05 . Memory (MB): peak = 1396.547 ; gain = 0.000
ERROR: [Common 17-39] 'launch_simulation' failed due to earlier errors.
make_wrapper -files [get_files C:/Users/A.Z/Desktop/ALab/ca_lab/CA_LAB/CA_LAB.srcs/sources_1/bd/CA_LAB1/CA_LAB1.bd] -top
generate_target all [get_files  C:/Users/A.Z/Desktop/ALab/ca_lab/CA_LAB/CA_LAB.srcs/sources_1/bd/CA_LAB1/CA_LAB1.bd]
INFO: [BD 41-1029] Generation completed for the IP Integrator block IF_Stage/fetch_instruction_0 .
INFO: [BD 41-1029] Generation completed for the IP Integrator block xlconstant_0 .
INFO: [BD 41-1029] Generation completed for the IP Integrator block IF_Stage/xlslice_0 .
INFO: [BD 41-1029] Generation completed for the IP Integrator block fetch_register_file_0 .
INFO: [BD 41-1029] Generation completed for the IP Integrator block IF_Stage/dist_mem_gen_0 .
INFO: [BD 41-1029] Generation completed for the IP Integrator block id_top_module_0 .
INFO: [BD 41-1029] Generation completed for the IP Integrator block id_register_file_0 .
INFO: [BD 41-1029] Generation completed for the IP Integrator block xlconstant_1 .
INFO: [BD 41-1029] Generation completed for the IP Integrator block xlconstant_2 .
catch { config_ip_cache -export [get_ips -all CA_LAB1_dist_mem_gen_0_1] }
export_ip_user_files -of_objects [get_files C:/Users/A.Z/Desktop/ALab/ca_lab/CA_LAB/CA_LAB.srcs/sources_1/bd/CA_LAB1/CA_LAB1.bd] -no_script -sync -force -quiet
create_ip_run [get_files -of_objects [get_fileset sources_1] C:/Users/A.Z/Desktop/ALab/ca_lab/CA_LAB/CA_LAB.srcs/sources_1/bd/CA_LAB1/CA_LAB1.bd]
launch_runs -jobs 4 {CA_LAB1_dist_mem_gen_0_1_synth_1 CA_LAB1_id_top_module_0_0_synth_1 CA_LAB1_id_register_file_0_0_synth_1}
[Mon Apr 21 14:52:08 2025] Launched CA_LAB1_dist_mem_gen_0_1_synth_1, CA_LAB1_id_top_module_0_0_synth_1, CA_LAB1_id_register_file_0_0_synth_1...
Run output will be captured here:
CA_LAB1_dist_mem_gen_0_1_synth_1: C:/Users/A.Z/Desktop/ALab/ca_lab/CA_LAB/CA_LAB.runs/CA_LAB1_dist_mem_gen_0_1_synth_1/runme.log
CA_LAB1_id_top_module_0_0_synth_1: C:/Users/A.Z/Desktop/ALab/ca_lab/CA_LAB/CA_LAB.runs/CA_LAB1_id_top_module_0_0_synth_1/runme.log
CA_LAB1_id_register_file_0_0_synth_1: C:/Users/A.Z/Desktop/ALab/ca_lab/CA_LAB/CA_LAB.runs/CA_LAB1_id_register_file_0_0_synth_1/runme.log
export_simulation -of_objects [get_files C:/Users/A.Z/Desktop/ALab/ca_lab/CA_LAB/CA_LAB.srcs/sources_1/bd/CA_LAB1/CA_LAB1.bd] -directory C:/Users/A.Z/Desktop/ALab/ca_lab/CA_LAB/CA_LAB.ip_user_files/sim_scripts -ip_user_files_dir C:/Users/A.Z/Desktop/ALab/ca_lab/CA_LAB/CA_LAB.ip_user_files -ipstatic_source_dir C:/Users/A.Z/Desktop/ALab/ca_lab/CA_LAB/CA_LAB.ip_user_files/ipstatic -lib_map_path [list {modelsim=C:/Users/A.Z/Desktop/ALab/ca_lab/CA_LAB/CA_LAB.cache/compile_simlib/modelsim} {questa=C:/Users/A.Z/Desktop/ALab/ca_lab/CA_LAB/CA_LAB.cache/compile_simlib/questa} {riviera=C:/Users/A.Z/Desktop/ALab/ca_lab/CA_LAB/CA_LAB.cache/compile_simlib/riviera} {activehdl=C:/Users/A.Z/Desktop/ALab/ca_lab/CA_LAB/CA_LAB.cache/compile_simlib/activehdl}] -use_ip_compiled_libs -force -quiet
launch_simulation
INFO: [Vivado 12-5698] Checking validity of IPs in the design for the 'XSim' simulator...
INFO: [Vivado 12-5682] Launching behavioral simulation in 'C:/Users/A.Z/Desktop/ALab/ca_lab/CA_LAB/CA_LAB.sim/sim_1/behav/xsim'
INFO: [Vivado 12-4795] Using compiled simulation libraries for IPs
INFO: [SIM-utils-51] Simulation object is 'sim_1'
INFO: [USF-XSim-7] Finding pre-compiled libraries...
INFO: [USF-XSim-11] File 'D:/Xilinx/Vivado/2018.3/data/xsim/xsim.ini' copied to run dir:'C:/Users/A.Z/Desktop/ALab/ca_lab/CA_LAB/CA_LAB.sim/sim_1/behav/xsim'
INFO: [SIM-utils-54] Inspecting design source files for 'testbench1' in fileset 'sim_1'...
INFO: [SIM-utils-43] Exported 'C:/Users/A.Z/Desktop/ALab/ca_lab/CA_LAB/CA_LAB.sim/sim_1/behav/xsim/output.coe'
INFO: [SIM-utils-43] Exported 'C:/Users/A.Z/Desktop/ALab/ca_lab/CA_LAB/CA_LAB.sim/sim_1/behav/xsim/CA_LAB1_dist_mem_gen_0_1.mif'
INFO: [USF-XSim-97] Finding global include files...
INFO: [USF-XSim-98] Fetching design files from 'sim_1'...
INFO: [USF-XSim-2] XSim::Compile design
INFO: [USF-XSim-61] Executing 'COMPILE and ANALYZE' step in 'C:/Users/A.Z/Desktop/ALab/ca_lab/CA_LAB/CA_LAB.sim/sim_1/behav/xsim'
"xvlog --incr --relax -prj testbench1_vlog.prj"
INFO: [VRFC 10-2263] Analyzing Verilog file "C:/Users/A.Z/Desktop/ALab/ca_lab/modules/fetch_inst/fetch_instruction.v" into library xil_defaultlib
INFO: [VRFC 10-311] analyzing module fetch_instruction
INFO: [VRFC 10-2263] Analyzing Verilog file "C:/Users/A.Z/Desktop/ALab/ca_lab/modules/fetch_inst/fetch_rf.v" into library xil_defaultlib
INFO: [VRFC 10-311] analyzing module fetch_register_file
INFO: [VRFC 10-2263] Analyzing Verilog file "C:/Users/A.Z/Desktop/ALab/verilog code/condition_check.v" into library xil_defaultlib
INFO: [VRFC 10-311] analyzing module condition_check
ERROR: [VRFC 10-3236] concurrent assignment to a non-net 'ccoo' is not permitted [C:/Users/A.Z/Desktop/ALab/verilog code/condition_check.v:24]
ERROR: [VRFC 10-2865] module 'condition_check' ignored due to previous errors [C:/Users/A.Z/Desktop/ALab/verilog code/condition_check.v:1]
INFO: [USF-XSim-69] 'compile' step finished in '2' seconds
INFO: [USF-XSim-99] Step results log file:'C:/Users/A.Z/Desktop/ALab/ca_lab/CA_LAB/CA_LAB.sim/sim_1/behav/xsim/xvlog.log'
ERROR: [USF-XSim-62] 'compile' step failed with error(s). Please check the Tcl console output or 'C:/Users/A.Z/Desktop/ALab/ca_lab/CA_LAB/CA_LAB.sim/sim_1/behav/xsim/xvlog.log' file for more information.
ERROR: [Vivado 12-4473] Detected error while running simulation. Please correct the issue and retry this operation.
ERROR: [Common 17-39] 'launch_simulation' failed due to earlier errors.
update_module_reference CA_LAB1_id_top_module_0_0
INFO: [IP_Flow 19-5107] Inferred bus interface 'rst' of definition 'xilinx.com:signal:reset:1.0' (from Xilinx Repository).
INFO: [IP_Flow 19-5107] Inferred bus interface 'clk' of definition 'xilinx.com:signal:clock:1.0' (from Xilinx Repository).
INFO: [IP_Flow 19-4728] Bus Interface 'clk': Added interface parameter 'ASSOCIATED_RESET' with value 'rst'.
WARNING: [IP_Flow 19-3153] Bus Interface 'clk': ASSOCIATED_BUSIF bus parameter is missing.
INFO: [IP_Flow 19-234] Refreshing IP repositories
INFO: [IP_Flow 19-1704] No user IP repositories specified
Upgrading 'C:/Users/A.Z/Desktop/ALab/ca_lab/CA_LAB/CA_LAB.srcs/sources_1/bd/CA_LAB1/CA_LAB1.bd'
INFO: [IP_Flow 19-1972] Upgraded CA_LAB1_id_top_module_0_0 from id_top_module_v1_0 1.0 to id_top_module_v1_0 1.0
Wrote  : <C:\Users\A.Z\Desktop\ALab\ca_lab\CA_LAB\CA_LAB.srcs\sources_1\bd\CA_LAB1\CA_LAB1.bd> 
Wrote  : <C:/Users/A.Z/Desktop/ALab/ca_lab/CA_LAB/CA_LAB.srcs/sources_1/bd/CA_LAB1/ui/bd_c6c3045.ui> 
Wrote  : <C:/Users/A.Z/Desktop/ALab/ca_lab/CA_LAB/CA_LAB.srcs/sources_1/bd/CA_LAB1/ui/bd_8321c0e1.ui> 
generate_target Simulation [get_files C:/Users/A.Z/Desktop/ALab/ca_lab/CA_LAB/CA_LAB.srcs/sources_1/bd/CA_LAB1/CA_LAB1.bd]
WARNING: [BD 41-927] Following properties on pin /fetch_register_file_0/clk have been updated from connected ip. They may not be synchronized with cell properties. You can set property on pin directly to confirm the value and resolve the warning.
	CLK_DOMAIN=CA_LAB1_clk 
WARNING: [BD 41-927] Following properties on pin /id_register_file_0/clk have been updated from connected ip. They may not be synchronized with cell properties. You can set property on pin directly to confirm the value and resolve the warning.
	CLK_DOMAIN=CA_LAB1_clk 
WARNING: [BD 41-927] Following properties on pin /id_top_module_0/clk have been updated from connected ip. They may not be synchronized with cell properties. You can set property on pin directly to confirm the value and resolve the warning.
	CLK_DOMAIN=CA_LAB1_clk 
WARNING: [BD 41-927] Following properties on pin /IF_Stage/fetch_instruction_0/clk have been updated from connected ip. They may not be synchronized with cell properties. You can set property on pin directly to confirm the value and resolve the warning.
	CLK_DOMAIN=CA_LAB1_clk 
Wrote  : <C:\Users\A.Z\Desktop\ALab\ca_lab\CA_LAB\CA_LAB.srcs\sources_1\bd\CA_LAB1\CA_LAB1.bd> 
Wrote  : <C:/Users/A.Z/Desktop/ALab/ca_lab/CA_LAB/CA_LAB.srcs/sources_1/bd/CA_LAB1/ui/bd_c6c3045.ui> 
Wrote  : <C:/Users/A.Z/Desktop/ALab/ca_lab/CA_LAB/CA_LAB.srcs/sources_1/bd/CA_LAB1/ui/bd_8321c0e1.ui> 
VHDL Output written to : C:/Users/A.Z/Desktop/ALab/ca_lab/CA_LAB/CA_LAB.srcs/sources_1/bd/CA_LAB1/synth/CA_LAB1.v
VHDL Output written to : C:/Users/A.Z/Desktop/ALab/ca_lab/CA_LAB/CA_LAB.srcs/sources_1/bd/CA_LAB1/sim/CA_LAB1.v
VHDL Output written to : C:/Users/A.Z/Desktop/ALab/ca_lab/CA_LAB/CA_LAB.srcs/sources_1/bd/CA_LAB1/hdl/CA_LAB1_wrapper.v
Wrote  : <C:/Users/A.Z/Desktop/ALab/ca_lab/CA_LAB/CA_LAB.srcs/sources_1/bd/CA_LAB1/ui/bd_c6c3045.ui> 
Wrote  : <C:/Users/A.Z/Desktop/ALab/ca_lab/CA_LAB/CA_LAB.srcs/sources_1/bd/CA_LAB1/ui/bd_8321c0e1.ui> 
INFO: [BD 41-1029] Generation completed for the IP Integrator block IF_Stage/fetch_instruction_0 .
INFO: [BD 41-1029] Generation completed for the IP Integrator block xlconstant_0 .
INFO: [BD 41-1029] Generation completed for the IP Integrator block IF_Stage/xlslice_0 .
INFO: [BD 41-1029] Generation completed for the IP Integrator block fetch_register_file_0 .
INFO: [BD 41-1029] Generation completed for the IP Integrator block IF_Stage/dist_mem_gen_0 .
INFO: [BD 41-1029] Generation completed for the IP Integrator block id_top_module_0 .
INFO: [BD 41-1029] Generation completed for the IP Integrator block id_register_file_0 .
INFO: [BD 41-1029] Generation completed for the IP Integrator block xlconstant_1 .
INFO: [BD 41-1029] Generation completed for the IP Integrator block xlconstant_2 .
Exporting to file C:/Users/A.Z/Desktop/ALab/ca_lab/CA_LAB/CA_LAB.srcs/sources_1/bd/CA_LAB1/hw_handoff/CA_LAB1.hwh
Generated Block Design Tcl file C:/Users/A.Z/Desktop/ALab/ca_lab/CA_LAB/CA_LAB.srcs/sources_1/bd/CA_LAB1/hw_handoff/CA_LAB1_bd.tcl
Generated Hardware Definition File C:/Users/A.Z/Desktop/ALab/ca_lab/CA_LAB/CA_LAB.srcs/sources_1/bd/CA_LAB1/synth/CA_LAB1.hwdef
export_ip_user_files -of_objects [get_files C:/Users/A.Z/Desktop/ALab/ca_lab/CA_LAB/CA_LAB.srcs/sources_1/bd/CA_LAB1/CA_LAB1.bd] -no_script -sync -force -quiet
export_simulation -of_objects [get_files C:/Users/A.Z/Desktop/ALab/ca_lab/CA_LAB/CA_LAB.srcs/sources_1/bd/CA_LAB1/CA_LAB1.bd] -directory C:/Users/A.Z/Desktop/ALab/ca_lab/CA_LAB/CA_LAB.ip_user_files/sim_scripts -ip_user_files_dir C:/Users/A.Z/Desktop/ALab/ca_lab/CA_LAB/CA_LAB.ip_user_files -ipstatic_source_dir C:/Users/A.Z/Desktop/ALab/ca_lab/CA_LAB/CA_LAB.ip_user_files/ipstatic -lib_map_path [list {modelsim=C:/Users/A.Z/Desktop/ALab/ca_lab/CA_LAB/CA_LAB.cache/compile_simlib/modelsim} {questa=C:/Users/A.Z/Desktop/ALab/ca_lab/CA_LAB/CA_LAB.cache/compile_simlib/questa} {riviera=C:/Users/A.Z/Desktop/ALab/ca_lab/CA_LAB/CA_LAB.cache/compile_simlib/riviera} {activehdl=C:/Users/A.Z/Desktop/ALab/ca_lab/CA_LAB/CA_LAB.cache/compile_simlib/activehdl}] -use_ip_compiled_libs -force -quiet
launch_simulation
INFO: [Vivado 12-5698] Checking validity of IPs in the design for the 'XSim' simulator...
INFO: [Vivado 12-5682] Launching behavioral simulation in 'C:/Users/A.Z/Desktop/ALab/ca_lab/CA_LAB/CA_LAB.sim/sim_1/behav/xsim'
INFO: [Vivado 12-4795] Using compiled simulation libraries for IPs
INFO: [SIM-utils-51] Simulation object is 'sim_1'
INFO: [USF-XSim-7] Finding pre-compiled libraries...
INFO: [USF-XSim-11] File 'D:/Xilinx/Vivado/2018.3/data/xsim/xsim.ini' copied to run dir:'C:/Users/A.Z/Desktop/ALab/ca_lab/CA_LAB/CA_LAB.sim/sim_1/behav/xsim'
INFO: [SIM-utils-54] Inspecting design source files for 'testbench1' in fileset 'sim_1'...
INFO: [SIM-utils-43] Exported 'C:/Users/A.Z/Desktop/ALab/ca_lab/CA_LAB/CA_LAB.sim/sim_1/behav/xsim/output.coe'
INFO: [SIM-utils-43] Exported 'C:/Users/A.Z/Desktop/ALab/ca_lab/CA_LAB/CA_LAB.sim/sim_1/behav/xsim/CA_LAB1_dist_mem_gen_0_1.mif'
INFO: [USF-XSim-97] Finding global include files...
INFO: [USF-XSim-98] Fetching design files from 'sim_1'...
INFO: [USF-XSim-2] XSim::Compile design
INFO: [USF-XSim-61] Executing 'COMPILE and ANALYZE' step in 'C:/Users/A.Z/Desktop/ALab/ca_lab/CA_LAB/CA_LAB.sim/sim_1/behav/xsim'
"xvlog --incr --relax -prj testbench1_vlog.prj"
INFO: [VRFC 10-2263] Analyzing Verilog file "C:/Users/A.Z/Desktop/ALab/ca_lab/modules/fetch_inst/fetch_instruction.v" into library xil_defaultlib
INFO: [VRFC 10-311] analyzing module fetch_instruction
INFO: [VRFC 10-2263] Analyzing Verilog file "C:/Users/A.Z/Desktop/ALab/ca_lab/modules/fetch_inst/fetch_rf.v" into library xil_defaultlib
INFO: [VRFC 10-311] analyzing module fetch_register_file
INFO: [VRFC 10-2263] Analyzing Verilog file "C:/Users/A.Z/Desktop/ALab/verilog code/condition_check.v" into library xil_defaultlib
INFO: [VRFC 10-311] analyzing module condition_check
INFO: [VRFC 10-2263] Analyzing Verilog file "C:/Users/A.Z/Desktop/ALab/verilog code/control_unit.v" into library xil_defaultlib
INFO: [VRFC 10-311] analyzing module control_unit
INFO: [VRFC 10-2263] Analyzing Verilog file "C:/Users/A.Z/Desktop/ALab/verilog code/register_file_id.v" into library xil_defaultlib
INFO: [VRFC 10-311] analyzing module register_file_id
INFO: [VRFC 10-2263] Analyzing Verilog file "C:/Users/A.Z/Desktop/ALab/verilog code/id_top_module.v" into library xil_defaultlib
INFO: [VRFC 10-311] analyzing module id_top_module
WARNING: [VRFC 10-3676] redeclaration of ansi port 'val_rn' is not allowed [C:/Users/A.Z/Desktop/ALab/verilog code/id_top_module.v:18]
INFO: [VRFC 10-2263] Analyzing Verilog file "C:/Users/A.Z/Desktop/ALab/ca_lab/modules/id_rf.v" into library xil_defaultlib
INFO: [VRFC 10-311] analyzing module id_register_file
INFO: [VRFC 10-2263] Analyzing Verilog file "C:/Users/A.Z/Desktop/ALab/ca_lab/CA_LAB/CA_LAB.ip_user_files/bd/CA_LAB1/ip/CA_LAB1_fetch_instruction_0_0/sim/CA_LAB1_fetch_instruction_0_0.v" into library xil_defaultlib
INFO: [VRFC 10-311] analyzing module CA_LAB1_fetch_instruction_0_0
INFO: [VRFC 10-2263] Analyzing Verilog file "C:/Users/A.Z/Desktop/ALab/ca_lab/CA_LAB/CA_LAB.ip_user_files/bd/CA_LAB1/ip/CA_LAB1_xlconstant_0_0/sim/CA_LAB1_xlconstant_0_0.v" into library xil_defaultlib
INFO: [VRFC 10-311] analyzing module CA_LAB1_xlconstant_0_0
INFO: [VRFC 10-2263] Analyzing Verilog file "C:/Users/A.Z/Desktop/ALab/ca_lab/CA_LAB/CA_LAB.ip_user_files/bd/CA_LAB1/ip/CA_LAB1_xlslice_0_0/sim/CA_LAB1_xlslice_0_0.v" into library xil_defaultlib
INFO: [VRFC 10-311] analyzing module CA_LAB1_xlslice_0_0
INFO: [VRFC 10-2263] Analyzing Verilog file "C:/Users/A.Z/Desktop/ALab/ca_lab/CA_LAB/CA_LAB.ip_user_files/bd/CA_LAB1/ip/CA_LAB1_fetch_register_file_0_0/sim/CA_LAB1_fetch_register_file_0_0.v" into library xil_defaultlib
INFO: [VRFC 10-311] analyzing module CA_LAB1_fetch_register_file_0_0
INFO: [VRFC 10-2263] Analyzing Verilog file "C:/Users/A.Z/Desktop/ALab/ca_lab/CA_LAB/CA_LAB.ip_user_files/bd/CA_LAB1/sim/CA_LAB1.v" into library xil_defaultlib
INFO: [VRFC 10-311] analyzing module CA_LAB1
INFO: [VRFC 10-311] analyzing module IF_Stage_imp_1YGY16Y
INFO: [VRFC 10-2263] Analyzing Verilog file "C:/Users/A.Z/Desktop/ALab/ca_lab/CA_LAB/CA_LAB.ip_user_files/bd/CA_LAB1/ip/CA_LAB1_dist_mem_gen_0_1/sim/CA_LAB1_dist_mem_gen_0_1.v" into library xil_defaultlib
INFO: [VRFC 10-311] analyzing module CA_LAB1_dist_mem_gen_0_1
INFO: [VRFC 10-2263] Analyzing Verilog file "C:/Users/A.Z/Desktop/ALab/ca_lab/CA_LAB/CA_LAB.ip_user_files/bd/CA_LAB1/ip/CA_LAB1_id_top_module_0_0/sim/CA_LAB1_id_top_module_0_0.v" into library xil_defaultlib
INFO: [VRFC 10-311] analyzing module CA_LAB1_id_top_module_0_0
ERROR: [VRFC 10-2934] 'inst' is already declared [C:/Users/A.Z/Desktop/ALab/ca_lab/CA_LAB/CA_LAB.ip_user_files/bd/CA_LAB1/ip/CA_LAB1_id_top_module_0_0/sim/CA_LAB1_id_top_module_0_0.v:103]
ERROR: [VRFC 10-3584] no definition for port 'inst' [C:/Users/A.Z/Desktop/ALab/ca_lab/CA_LAB/CA_LAB.ip_user_files/bd/CA_LAB1/ip/CA_LAB1_id_top_module_0_0/sim/CA_LAB1_id_top_module_0_0.v:60]
ERROR: [VRFC 10-3640] port 'inst' is not defined [C:/Users/A.Z/Desktop/ALab/ca_lab/CA_LAB/CA_LAB.ip_user_files/bd/CA_LAB1/ip/CA_LAB1_id_top_module_0_0/sim/CA_LAB1_id_top_module_0_0.v:85]
ERROR: [VRFC 10-2865] module 'CA_LAB1_id_top_module_0_0' ignored due to previous errors [C:/Users/A.Z/Desktop/ALab/ca_lab/CA_LAB/CA_LAB.ip_user_files/bd/CA_LAB1/ip/CA_LAB1_id_top_module_0_0/sim/CA_LAB1_id_top_module_0_0.v:57]
INFO: [USF-XSim-69] 'compile' step finished in '3' seconds
INFO: [USF-XSim-99] Step results log file:'C:/Users/A.Z/Desktop/ALab/ca_lab/CA_LAB/CA_LAB.sim/sim_1/behav/xsim/xvlog.log'
ERROR: [USF-XSim-62] 'compile' step failed with error(s). Please check the Tcl console output or 'C:/Users/A.Z/Desktop/ALab/ca_lab/CA_LAB/CA_LAB.sim/sim_1/behav/xsim/xvlog.log' file for more information.
ERROR: [Vivado 12-4473] Detected error while running simulation. Please correct the issue and retry this operation.
launch_simulation: Time (s): cpu = 00:00:01 ; elapsed = 00:00:07 . Memory (MB): peak = 1808.297 ; gain = 0.000
ERROR: [Common 17-39] 'launch_simulation' failed due to earlier errors.
generate_target all [get_files  C:/Users/A.Z/Desktop/ALab/ca_lab/CA_LAB/CA_LAB.srcs/sources_1/bd/CA_LAB1/CA_LAB1.bd]
INFO: [BD 41-1029] Generation completed for the IP Integrator block IF_Stage/fetch_instruction_0 .
INFO: [BD 41-1029] Generation completed for the IP Integrator block xlconstant_0 .
INFO: [BD 41-1029] Generation completed for the IP Integrator block IF_Stage/xlslice_0 .
INFO: [BD 41-1029] Generation completed for the IP Integrator block fetch_register_file_0 .
INFO: [BD 41-1029] Generation completed for the IP Integrator block IF_Stage/dist_mem_gen_0 .
INFO: [BD 41-1029] Generation completed for the IP Integrator block id_top_module_0 .
INFO: [BD 41-1029] Generation completed for the IP Integrator block id_register_file_0 .
INFO: [BD 41-1029] Generation completed for the IP Integrator block xlconstant_1 .
INFO: [BD 41-1029] Generation completed for the IP Integrator block xlconstant_2 .
export_ip_user_files -of_objects [get_files C:/Users/A.Z/Desktop/ALab/ca_lab/CA_LAB/CA_LAB.srcs/sources_1/bd/CA_LAB1/CA_LAB1.bd] -no_script -sync -force -quiet
create_ip_run [get_files -of_objects [get_fileset sources_1] C:/Users/A.Z/Desktop/ALab/ca_lab/CA_LAB/CA_LAB.srcs/sources_1/bd/CA_LAB1/CA_LAB1.bd]
launch_runs -jobs 4 CA_LAB1_id_top_module_0_0_synth_1
[Mon Apr 21 14:59:06 2025] Launched CA_LAB1_id_top_module_0_0_synth_1...
Run output will be captured here: C:/Users/A.Z/Desktop/ALab/ca_lab/CA_LAB/CA_LAB.runs/CA_LAB1_id_top_module_0_0_synth_1/runme.log
export_simulation -of_objects [get_files C:/Users/A.Z/Desktop/ALab/ca_lab/CA_LAB/CA_LAB.srcs/sources_1/bd/CA_LAB1/CA_LAB1.bd] -directory C:/Users/A.Z/Desktop/ALab/ca_lab/CA_LAB/CA_LAB.ip_user_files/sim_scripts -ip_user_files_dir C:/Users/A.Z/Desktop/ALab/ca_lab/CA_LAB/CA_LAB.ip_user_files -ipstatic_source_dir C:/Users/A.Z/Desktop/ALab/ca_lab/CA_LAB/CA_LAB.ip_user_files/ipstatic -lib_map_path [list {modelsim=C:/Users/A.Z/Desktop/ALab/ca_lab/CA_LAB/CA_LAB.cache/compile_simlib/modelsim} {questa=C:/Users/A.Z/Desktop/ALab/ca_lab/CA_LAB/CA_LAB.cache/compile_simlib/questa} {riviera=C:/Users/A.Z/Desktop/ALab/ca_lab/CA_LAB/CA_LAB.cache/compile_simlib/riviera} {activehdl=C:/Users/A.Z/Desktop/ALab/ca_lab/CA_LAB/CA_LAB.cache/compile_simlib/activehdl}] -use_ip_compiled_libs -force -quiet
launch_simulation
INFO: [Vivado 12-5698] Checking validity of IPs in the design for the 'XSim' simulator...
INFO: [Vivado 12-5682] Launching behavioral simulation in 'C:/Users/A.Z/Desktop/ALab/ca_lab/CA_LAB/CA_LAB.sim/sim_1/behav/xsim'
INFO: [Vivado 12-4795] Using compiled simulation libraries for IPs
INFO: [SIM-utils-51] Simulation object is 'sim_1'
INFO: [USF-XSim-7] Finding pre-compiled libraries...
INFO: [USF-XSim-11] File 'D:/Xilinx/Vivado/2018.3/data/xsim/xsim.ini' copied to run dir:'C:/Users/A.Z/Desktop/ALab/ca_lab/CA_LAB/CA_LAB.sim/sim_1/behav/xsim'
INFO: [SIM-utils-54] Inspecting design source files for 'testbench1' in fileset 'sim_1'...
INFO: [SIM-utils-43] Exported 'C:/Users/A.Z/Desktop/ALab/ca_lab/CA_LAB/CA_LAB.sim/sim_1/behav/xsim/output.coe'
INFO: [SIM-utils-43] Exported 'C:/Users/A.Z/Desktop/ALab/ca_lab/CA_LAB/CA_LAB.sim/sim_1/behav/xsim/CA_LAB1_dist_mem_gen_0_1.mif'
INFO: [USF-XSim-97] Finding global include files...
INFO: [USF-XSim-98] Fetching design files from 'sim_1'...
INFO: [USF-XSim-2] XSim::Compile design
INFO: [USF-XSim-61] Executing 'COMPILE and ANALYZE' step in 'C:/Users/A.Z/Desktop/ALab/ca_lab/CA_LAB/CA_LAB.sim/sim_1/behav/xsim'
"xvlog --incr --relax -prj testbench1_vlog.prj"
INFO: [VRFC 10-2263] Analyzing Verilog file "C:/Users/A.Z/Desktop/ALab/ca_lab/modules/fetch_inst/fetch_instruction.v" into library xil_defaultlib
INFO: [VRFC 10-311] analyzing module fetch_instruction
INFO: [VRFC 10-2263] Analyzing Verilog file "C:/Users/A.Z/Desktop/ALab/ca_lab/modules/fetch_inst/fetch_rf.v" into library xil_defaultlib
INFO: [VRFC 10-311] analyzing module fetch_register_file
INFO: [VRFC 10-2263] Analyzing Verilog file "C:/Users/A.Z/Desktop/ALab/verilog code/condition_check.v" into library xil_defaultlib
INFO: [VRFC 10-311] analyzing module condition_check
INFO: [VRFC 10-2263] Analyzing Verilog file "C:/Users/A.Z/Desktop/ALab/verilog code/control_unit.v" into library xil_defaultlib
INFO: [VRFC 10-311] analyzing module control_unit
INFO: [VRFC 10-2263] Analyzing Verilog file "C:/Users/A.Z/Desktop/ALab/verilog code/register_file_id.v" into library xil_defaultlib
INFO: [VRFC 10-311] analyzing module register_file_id
INFO: [VRFC 10-2263] Analyzing Verilog file "C:/Users/A.Z/Desktop/ALab/verilog code/id_top_module.v" into library xil_defaultlib
INFO: [VRFC 10-311] analyzing module id_top_module
WARNING: [VRFC 10-3676] redeclaration of ansi port 'val_rn' is not allowed [C:/Users/A.Z/Desktop/ALab/verilog code/id_top_module.v:18]
INFO: [VRFC 10-2263] Analyzing Verilog file "C:/Users/A.Z/Desktop/ALab/ca_lab/modules/id_rf.v" into library xil_defaultlib
INFO: [VRFC 10-311] analyzing module id_register_file
INFO: [VRFC 10-2263] Analyzing Verilog file "C:/Users/A.Z/Desktop/ALab/ca_lab/CA_LAB/CA_LAB.ip_user_files/bd/CA_LAB1/ip/CA_LAB1_fetch_instruction_0_0/sim/CA_LAB1_fetch_instruction_0_0.v" into library xil_defaultlib
INFO: [VRFC 10-311] analyzing module CA_LAB1_fetch_instruction_0_0
INFO: [VRFC 10-2263] Analyzing Verilog file "C:/Users/A.Z/Desktop/ALab/ca_lab/CA_LAB/CA_LAB.ip_user_files/bd/CA_LAB1/ip/CA_LAB1_xlconstant_0_0/sim/CA_LAB1_xlconstant_0_0.v" into library xil_defaultlib
INFO: [VRFC 10-311] analyzing module CA_LAB1_xlconstant_0_0
INFO: [VRFC 10-2263] Analyzing Verilog file "C:/Users/A.Z/Desktop/ALab/ca_lab/CA_LAB/CA_LAB.ip_user_files/bd/CA_LAB1/ip/CA_LAB1_xlslice_0_0/sim/CA_LAB1_xlslice_0_0.v" into library xil_defaultlib
INFO: [VRFC 10-311] analyzing module CA_LAB1_xlslice_0_0
INFO: [VRFC 10-2263] Analyzing Verilog file "C:/Users/A.Z/Desktop/ALab/ca_lab/CA_LAB/CA_LAB.ip_user_files/bd/CA_LAB1/ip/CA_LAB1_fetch_register_file_0_0/sim/CA_LAB1_fetch_register_file_0_0.v" into library xil_defaultlib
INFO: [VRFC 10-311] analyzing module CA_LAB1_fetch_register_file_0_0
INFO: [VRFC 10-2263] Analyzing Verilog file "C:/Users/A.Z/Desktop/ALab/ca_lab/CA_LAB/CA_LAB.ip_user_files/bd/CA_LAB1/sim/CA_LAB1.v" into library xil_defaultlib
INFO: [VRFC 10-311] analyzing module CA_LAB1
INFO: [VRFC 10-311] analyzing module IF_Stage_imp_1YGY16Y
INFO: [VRFC 10-2263] Analyzing Verilog file "C:/Users/A.Z/Desktop/ALab/ca_lab/CA_LAB/CA_LAB.ip_user_files/bd/CA_LAB1/ip/CA_LAB1_dist_mem_gen_0_1/sim/CA_LAB1_dist_mem_gen_0_1.v" into library xil_defaultlib
INFO: [VRFC 10-311] analyzing module CA_LAB1_dist_mem_gen_0_1
INFO: [VRFC 10-2263] Analyzing Verilog file "C:/Users/A.Z/Desktop/ALab/ca_lab/CA_LAB/CA_LAB.ip_user_files/bd/CA_LAB1/ip/CA_LAB1_id_top_module_0_0/sim/CA_LAB1_id_top_module_0_0.v" into library xil_defaultlib
INFO: [VRFC 10-311] analyzing module CA_LAB1_id_top_module_0_0
ERROR: [VRFC 10-2934] 'inst' is already declared [C:/Users/A.Z/Desktop/ALab/ca_lab/CA_LAB/CA_LAB.ip_user_files/bd/CA_LAB1/ip/CA_LAB1_id_top_module_0_0/sim/CA_LAB1_id_top_module_0_0.v:103]
ERROR: [VRFC 10-3584] no definition for port 'inst' [C:/Users/A.Z/Desktop/ALab/ca_lab/CA_LAB/CA_LAB.ip_user_files/bd/CA_LAB1/ip/CA_LAB1_id_top_module_0_0/sim/CA_LAB1_id_top_module_0_0.v:60]
ERROR: [VRFC 10-3640] port 'inst' is not defined [C:/Users/A.Z/Desktop/ALab/ca_lab/CA_LAB/CA_LAB.ip_user_files/bd/CA_LAB1/ip/CA_LAB1_id_top_module_0_0/sim/CA_LAB1_id_top_module_0_0.v:85]
ERROR: [VRFC 10-2865] module 'CA_LAB1_id_top_module_0_0' ignored due to previous errors [C:/Users/A.Z/Desktop/ALab/ca_lab/CA_LAB/CA_LAB.ip_user_files/bd/CA_LAB1/ip/CA_LAB1_id_top_module_0_0/sim/CA_LAB1_id_top_module_0_0.v:57]
INFO: [USF-XSim-69] 'compile' step finished in '3' seconds
INFO: [USF-XSim-99] Step results log file:'C:/Users/A.Z/Desktop/ALab/ca_lab/CA_LAB/CA_LAB.sim/sim_1/behav/xsim/xvlog.log'
ERROR: [USF-XSim-62] 'compile' step failed with error(s). Please check the Tcl console output or 'C:/Users/A.Z/Desktop/ALab/ca_lab/CA_LAB/CA_LAB.sim/sim_1/behav/xsim/xvlog.log' file for more information.
ERROR: [Vivado 12-4473] Detected error while running simulation. Please correct the issue and retry this operation.
ERROR: [Common 17-39] 'launch_simulation' failed due to earlier errors.
exit
INFO: [Common 17-206] Exiting Vivado at Mon Apr 21 15:02:05 2025...
